Archive member included to satisfy reference by file (symbol)

c:/st/stm32cubeide_1.5.0/stm32cubeide/plugins/com.st.stm32cube.ide.mcu.externaltools.gnu-tools-for-stm32.9-2020-q2-update.win32_1.5.0.202011040924/tools/bin/../lib/gcc/arm-none-eabi/9.3.1/../../../../arm-none-eabi/lib/thumb/v7e-m+fp/hard\libc_nano.a(lib_a-errno.o)
                              Core/Src/syscalls.o (__errno)
c:/st/stm32cubeide_1.5.0/stm32cubeide/plugins/com.st.stm32cube.ide.mcu.externaltools.gnu-tools-for-stm32.9-2020-q2-update.win32_1.5.0.202011040924/tools/bin/../lib/gcc/arm-none-eabi/9.3.1/../../../../arm-none-eabi/lib/thumb/v7e-m+fp/hard\libc_nano.a(lib_a-exit.o)
                              c:/st/stm32cubeide_1.5.0/stm32cubeide/plugins/com.st.stm32cube.ide.mcu.externaltools.gnu-tools-for-stm32.9-2020-q2-update.win32_1.5.0.202011040924/tools/bin/../lib/gcc/arm-none-eabi/9.3.1/../../../../arm-none-eabi/lib/thumb/v7e-m+fp/hard/crt0.o (exit)
c:/st/stm32cubeide_1.5.0/stm32cubeide/plugins/com.st.stm32cube.ide.mcu.externaltools.gnu-tools-for-stm32.9-2020-q2-update.win32_1.5.0.202011040924/tools/bin/../lib/gcc/arm-none-eabi/9.3.1/../../../../arm-none-eabi/lib/thumb/v7e-m+fp/hard\libc_nano.a(lib_a-impure.o)
                              c:/st/stm32cubeide_1.5.0/stm32cubeide/plugins/com.st.stm32cube.ide.mcu.externaltools.gnu-tools-for-stm32.9-2020-q2-update.win32_1.5.0.202011040924/tools/bin/../lib/gcc/arm-none-eabi/9.3.1/../../../../arm-none-eabi/lib/thumb/v7e-m+fp/hard\libc_nano.a(lib_a-exit.o) (_global_impure_ptr)
c:/st/stm32cubeide_1.5.0/stm32cubeide/plugins/com.st.stm32cube.ide.mcu.externaltools.gnu-tools-for-stm32.9-2020-q2-update.win32_1.5.0.202011040924/tools/bin/../lib/gcc/arm-none-eabi/9.3.1/../../../../arm-none-eabi/lib/thumb/v7e-m+fp/hard\libc_nano.a(lib_a-init.o)
                              c:/st/stm32cubeide_1.5.0/stm32cubeide/plugins/com.st.stm32cube.ide.mcu.externaltools.gnu-tools-for-stm32.9-2020-q2-update.win32_1.5.0.202011040924/tools/bin/../lib/gcc/arm-none-eabi/9.3.1/../../../../arm-none-eabi/lib/thumb/v7e-m+fp/hard/crt0.o (__libc_init_array)
c:/st/stm32cubeide_1.5.0/stm32cubeide/plugins/com.st.stm32cube.ide.mcu.externaltools.gnu-tools-for-stm32.9-2020-q2-update.win32_1.5.0.202011040924/tools/bin/../lib/gcc/arm-none-eabi/9.3.1/../../../../arm-none-eabi/lib/thumb/v7e-m+fp/hard\libc_nano.a(lib_a-memset.o)
                              c:/st/stm32cubeide_1.5.0/stm32cubeide/plugins/com.st.stm32cube.ide.mcu.externaltools.gnu-tools-for-stm32.9-2020-q2-update.win32_1.5.0.202011040924/tools/bin/../lib/gcc/arm-none-eabi/9.3.1/../../../../arm-none-eabi/lib/thumb/v7e-m+fp/hard/crt0.o (memset)
c:/st/stm32cubeide_1.5.0/stm32cubeide/plugins/com.st.stm32cube.ide.mcu.externaltools.gnu-tools-for-stm32.9-2020-q2-update.win32_1.5.0.202011040924/tools/bin/../lib/gcc/arm-none-eabi/9.3.1/thumb/v7e-m+fp/hard\libgcc.a(_aeabi_uldivmod.o)
                              Drivers/STM32F4xx_HAL_Driver/Src/stm32f4xx_hal_rcc.o (__aeabi_uldivmod)
c:/st/stm32cubeide_1.5.0/stm32cubeide/plugins/com.st.stm32cube.ide.mcu.externaltools.gnu-tools-for-stm32.9-2020-q2-update.win32_1.5.0.202011040924/tools/bin/../lib/gcc/arm-none-eabi/9.3.1/thumb/v7e-m+fp/hard\libgcc.a(_udivmoddi4.o)
                              c:/st/stm32cubeide_1.5.0/stm32cubeide/plugins/com.st.stm32cube.ide.mcu.externaltools.gnu-tools-for-stm32.9-2020-q2-update.win32_1.5.0.202011040924/tools/bin/../lib/gcc/arm-none-eabi/9.3.1/thumb/v7e-m+fp/hard\libgcc.a(_aeabi_uldivmod.o) (__udivmoddi4)
c:/st/stm32cubeide_1.5.0/stm32cubeide/plugins/com.st.stm32cube.ide.mcu.externaltools.gnu-tools-for-stm32.9-2020-q2-update.win32_1.5.0.202011040924/tools/bin/../lib/gcc/arm-none-eabi/9.3.1/thumb/v7e-m+fp/hard\libgcc.a(_dvmd_tls.o)
                              c:/st/stm32cubeide_1.5.0/stm32cubeide/plugins/com.st.stm32cube.ide.mcu.externaltools.gnu-tools-for-stm32.9-2020-q2-update.win32_1.5.0.202011040924/tools/bin/../lib/gcc/arm-none-eabi/9.3.1/thumb/v7e-m+fp/hard\libgcc.a(_aeabi_uldivmod.o) (__aeabi_ldiv0)

Allocating common symbols
Common symbol       size              file

wBuffer             0x100             Core/Src/main.o
hspi5               0x58              Core/Src/spi.o
Status              0x1               Core/Src/main.o
uwTick              0x4               Drivers/STM32F4xx_HAL_Driver/Src/stm32f4xx_hal.o
temp                0x5               Core/Src/main.o
pFlash              0x20              Drivers/STM32F4xx_HAL_Driver/Src/stm32f4xx_hal_flash.o
w25qxx              0x28              Core/Src/w25q.o
rBuffer             0x100             Core/Src/main.o

Discarded input sections

 .text          0x0000000000000000        0x0 c:/st/stm32cubeide_1.5.0/stm32cubeide/plugins/com.st.stm32cube.ide.mcu.externaltools.gnu-tools-for-stm32.9-2020-q2-update.win32_1.5.0.202011040924/tools/bin/../lib/gcc/arm-none-eabi/9.3.1/thumb/v7e-m+fp/hard/crti.o
[...]
Memory Configuration

Name             Origin             Length             Attributes
CCMRAM           0x0000000010000000 0x0000000000010000 xrw
RAM              0x0000000020000000 0x0000000000030000 xrw
FLASH            0x0000000008000000 0x0000000000100000 xr
*default*        0x0000000000000000 0xffffffffffffffff

Linker script and memory map

LOAD c:/st/stm32cubeide_1.5.0/stm32cubeide/plugins/com.st.stm32cube.ide.mcu.externaltools.gnu-tools-for-stm32.9-2020-q2-update.win32_1.5.0.202011040924/tools/bin/../lib/gcc/arm-none-eabi/9.3.1/thumb/v7e-m+fp/hard/crti.o
LOAD c:/st/stm32cubeide_1.5.0/stm32cubeide/plugins/com.st.stm32cube.ide.mcu.externaltools.gnu-tools-for-stm32.9-2020-q2-update.win32_1.5.0.202011040924/tools/bin/../lib/gcc/arm-none-eabi/9.3.1/thumb/v7e-m+fp/hard/crtbegin.o
LOAD c:/st/stm32cubeide_1.5.0/stm32cubeide/plugins/com.st.stm32cube.ide.mcu.externaltools.gnu-tools-for-stm32.9-2020-q2-update.win32_1.5.0.202011040924/tools/bin/../lib/gcc/arm-none-eabi/9.3.1/../../../../arm-none-eabi/lib/thumb/v7e-m+fp/hard/crt0.o
LOAD Core/Src/gpio.o
LOAD Core/Src/main.o
LOAD Core/Src/spi.o
LOAD Core/Src/stm32f4xx_hal_msp.o
LOAD Core/Src/stm32f4xx_it.o
LOAD Core/Src/syscalls.o
LOAD Core/Src/sysmem.o
LOAD Core/Src/system_stm32f4xx.o
LOAD Core/Src/w25q.o
LOAD Core/Startup/startup_stm32f429igtx.o
LOAD Drivers/STM32F4xx_HAL_Driver/Src/stm32f4xx_hal.o
LOAD Drivers/STM32F4xx_HAL_Driver/Src/stm32f4xx_hal_cortex.o
LOAD Drivers/STM32F4xx_HAL_Driver/Src/stm32f4xx_hal_dma.o
LOAD Drivers/STM32F4xx_HAL_Driver/Src/stm32f4xx_hal_dma_ex.o
LOAD Drivers/STM32F4xx_HAL_Driver/Src/stm32f4xx_hal_exti.o
LOAD Drivers/STM32F4xx_HAL_Driver/Src/stm32f4xx_hal_flash.o
LOAD Drivers/STM32F4xx_HAL_Driver/Src/stm32f4xx_hal_flash_ex.o
LOAD Drivers/STM32F4xx_HAL_Driver/Src/stm32f4xx_hal_flash_ramfunc.o
LOAD Drivers/STM32F4xx_HAL_Driver/Src/stm32f4xx_hal_gpio.o
LOAD Drivers/STM32F4xx_HAL_Driver/Src/stm32f4xx_hal_pwr.o
LOAD Drivers/STM32F4xx_HAL_Driver/Src/stm32f4xx_hal_pwr_ex.o
LOAD Drivers/STM32F4xx_HAL_Driver/Src/stm32f4xx_hal_rcc.o
LOAD Drivers/STM32F4xx_HAL_Driver/Src/stm32f4xx_hal_rcc_ex.o
LOAD Drivers/STM32F4xx_HAL_Driver/Src/stm32f4xx_hal_spi.o
LOAD Drivers/STM32F4xx_HAL_Driver/Src/stm32f4xx_hal_tim.o
LOAD Drivers/STM32F4xx_HAL_Driver/Src/stm32f4xx_hal_tim_ex.o
START GROUP
LOAD c:/st/stm32cubeide_1.5.0/stm32cubeide/plugins/com.st.stm32cube.ide.mcu.externaltools.gnu-tools-for-stm32.9-2020-q2-update.win32_1.5.0.202011040924/tools/bin/../lib/gcc/arm-none-eabi/9.3.1/../../../../arm-none-eabi/lib/thumb/v7e-m+fp/hard\libc_nano.a
LOAD c:/st/stm32cubeide_1.5.0/stm32cubeide/plugins/com.st.stm32cube.ide.mcu.externaltools.gnu-tools-for-stm32.9-2020-q2-update.win32_1.5.0.202011040924/tools/bin/../lib/gcc/arm-none-eabi/9.3.1/../../../../arm-none-eabi/lib/thumb/v7e-m+fp/hard\libm.a
END GROUP
START GROUP
LOAD c:/st/stm32cubeide_1.5.0/stm32cubeide/plugins/com.st.stm32cube.ide.mcu.externaltools.gnu-tools-for-stm32.9-2020-q2-update.win32_1.5.0.202011040924/tools/bin/../lib/gcc/arm-none-eabi/9.3.1/thumb/v7e-m+fp/hard\libgcc.a
LOAD c:/st/stm32cubeide_1.5.0/stm32cubeide/plugins/com.st.stm32cube.ide.mcu.externaltools.gnu-tools-for-stm32.9-2020-q2-update.win32_1.5.0.202011040924/tools/bin/../lib/gcc/arm-none-eabi/9.3.1/../../../../arm-none-eabi/lib/thumb/v7e-m+fp/hard\libc_nano.a
END GROUP
START GROUP
LOAD c:/st/stm32cubeide_1.5.0/stm32cubeide/plugins/com.st.stm32cube.ide.mcu.externaltools.gnu-tools-for-stm32.9-2020-q2-update.win32_1.5.0.202011040924/tools/bin/../lib/gcc/arm-none-eabi/9.3.1/thumb/v7e-m+fp/hard\libgcc.a
LOAD c:/st/stm32cubeide_1.5.0/stm32cubeide/plugins/com.st.stm32cube.ide.mcu.externaltools.gnu-tools-for-stm32.9-2020-q2-update.win32_1.5.0.202011040924/tools/bin/../lib/gcc/arm-none-eabi/9.3.1/../../../../arm-none-eabi/lib/thumb/v7e-m+fp/hard\libc_nano.a
LOAD c:/st/stm32cubeide_1.5.0/stm32cubeide/plugins/com.st.stm32cube.ide.mcu.externaltools.gnu-tools-for-stm32.9-2020-q2-update.win32_1.5.0.202011040924/tools/bin/../lib/gcc/arm-none-eabi/9.3.1/../../../../arm-none-eabi/lib/thumb/v7e-m+fp/hard\libnosys.a
END GROUP
START GROUP
LOAD c:/st/stm32cubeide_1.5.0/stm32cubeide/plugins/com.st.stm32cube.ide.mcu.externaltools.gnu-tools-for-stm32.9-2020-q2-update.win32_1.5.0.202011040924/tools/bin/../lib/gcc/arm-none-eabi/9.3.1/thumb/v7e-m+fp/hard\libgcc.a
LOAD c:/st/stm32cubeide_1.5.0/stm32cubeide/plugins/com.st.stm32cube.ide.mcu.externaltools.gnu-tools-for-stm32.9-2020-q2-update.win32_1.5.0.202011040924/tools/bin/../lib/gcc/arm-none-eabi/9.3.1/../../../../arm-none-eabi/lib/thumb/v7e-m+fp/hard\libc_nano.a
LOAD c:/st/stm32cubeide_1.5.0/stm32cubeide/plugins/com.st.stm32cube.ide.mcu.externaltools.gnu-tools-for-stm32.9-2020-q2-update.win32_1.5.0.202011040924/tools/bin/../lib/gcc/arm-none-eabi/9.3.1/../../../../arm-none-eabi/lib/thumb/v7e-m+fp/hard\libnosys.a
END GROUP
LOAD c:/st/stm32cubeide_1.5.0/stm32cubeide/plugins/com.st.stm32cube.ide.mcu.externaltools.gnu-tools-for-stm32.9-2020-q2-update.win32_1.5.0.202011040924/tools/bin/../lib/gcc/arm-none-eabi/9.3.1/thumb/v7e-m+fp/hard/crtend.o
LOAD c:/st/stm32cubeide_1.5.0/stm32cubeide/plugins/com.st.stm32cube.ide.mcu.externaltools.gnu-tools-for-stm32.9-2020-q2-update.win32_1.5.0.202011040924/tools/bin/../lib/gcc/arm-none-eabi/9.3.1/thumb/v7e-m+fp/hard/crtn.o
                0x0000000020030000                _estack = (ORIGIN (RAM) + LENGTH (RAM))
                0x0000000000000200                _Min_Heap_Size = 0x200
                0x0000000000000400                _Min_Stack_Size = 0x400

.isr_vector     0x0000000008000000      0x1ac
                0x0000000008000000                . = ALIGN (0x4)
 *(.isr_vector)
 .isr_vector    0x0000000008000000      0x1ac Core/Startup/startup_stm32f429igtx.o
                0x0000000008000000                g_pfnVectors
                0x00000000080001ac                . = ALIGN (0x4)

.text           0x00000000080001ac     0x2a88
                0x00000000080001ac                . = ALIGN (0x4)
 *(.text)
 .text          0x00000000080001ac       0x40 c:/st/stm32cubeide_1.5.0/stm32cubeide/plugins/com.st.stm32cube.ide.mcu.externaltools.gnu-tools-for-stm32.9-2020-q2-update.win32_1.5.0.202011040924/tools/bin/../lib/gcc/arm-none-eabi/9.3.1/thumb/v7e-m+fp/hard/crtbegin.o
 .text          0x00000000080001ec       0x30 c:/st/stm32cubeide_1.5.0/stm32cubeide/plugins/com.st.stm32cube.ide.mcu.externaltools.gnu-tools-for-stm32.9-2020-q2-update.win32_1.5.0.202011040924/tools/bin/../lib/gcc/arm-none-eabi/9.3.1/thumb/v7e-m+fp/hard\libgcc.a(_aeabi_uldivmod.o)
                0x00000000080001ec                __aeabi_uldivmod
 .text          0x000000000800021c      0x2c4 c:/st/stm32cubeide_1.5.0/stm32cubeide/plugins/com.st.stm32cube.ide.mcu.externaltools.gnu-tools-for-stm32.9-2020-q2-update.win32_1.5.0.202011040924/tools/bin/../lib/gcc/arm-none-eabi/9.3.1/thumb/v7e-m+fp/hard\libgcc.a(_udivmoddi4.o)
                0x000000000800021c                __udivmoddi4
 .text          0x00000000080004e0        0x4 c:/st/stm32cubeide_1.5.0/stm32cubeide/plugins/com.st.stm32cube.ide.mcu.externaltools.gnu-tools-for-stm32.9-2020-q2-update.win32_1.5.0.202011040924/tools/bin/../lib/gcc/arm-none-eabi/9.3.1/thumb/v7e-m+fp/hard\libgcc.a(_dvmd_tls.o)
                0x00000000080004e0                __aeabi_idiv0
                0x00000000080004e0                __aeabi_ldiv0
 *(.text*)
 .text.MX_GPIO_Init
                0x00000000080004e4       0xec Core/Src/gpio.o
                0x00000000080004e4                MX_GPIO_Init
 .text.main     0x00000000080005d0      0x11c Core/Src/main.o
                0x00000000080005d0                main
 .text.SystemClock_Config
                0x00000000080006ec       0xe0 Core/Src/main.o
                0x00000000080006ec                SystemClock_Config
 .text.Error_Handler
                0x00000000080007cc        0xa Core/Src/main.o
                0x00000000080007cc                Error_Handler
 *fill*         0x00000000080007d6        0x2 
 .text.MX_SPI5_Init
                0x00000000080007d8       0x6c Core/Src/spi.o
                0x00000000080007d8                MX_SPI5_Init
 .text.HAL_SPI_MspInit
                0x0000000008000844       0xb0 Core/Src/spi.o
                0x0000000008000844                HAL_SPI_MspInit
 .text.HAL_MspInit
                0x00000000080008f4       0x50 Core/Src/stm32f4xx_hal_msp.o
                0x00000000080008f4                HAL_MspInit
 .text.NMI_Handler
                0x0000000008000944        0x6 Core/Src/stm32f4xx_it.o
                0x0000000008000944                NMI_Handler
 .text.HardFault_Handler
                0x000000000800094a        0x6 Core/Src/stm32f4xx_it.o
                0x000000000800094a                HardFault_Handler
 .text.MemManage_Handler
                0x0000000008000950        0x6 Core/Src/stm32f4xx_it.o
                0x0000000008000950                MemManage_Handler
 .text.BusFault_Handler
                0x0000000008000956        0x6 Core/Src/stm32f4xx_it.o
                0x0000000008000956                BusFault_Handler
 .text.UsageFault_Handler
                0x000000000800095c        0x6 Core/Src/stm32f4xx_it.o
                0x000000000800095c                UsageFault_Handler
 .text.SVC_Handler
                0x0000000008000962        0xe Core/Src/stm32f4xx_it.o
                0x0000000008000962                SVC_Handler
 .text.DebugMon_Handler
                0x0000000008000970        0xe Core/Src/stm32f4xx_it.o
                0x0000000008000970                DebugMon_Handler
 .text.PendSV_Handler
                0x000000000800097e        0xe Core/Src/stm32f4xx_it.o
                0x000000000800097e                PendSV_Handler
 .text.SysTick_Handler
                0x000000000800098c        0xc Core/Src/stm32f4xx_it.o
                0x000000000800098c                SysTick_Handler
 .text.SystemInit
                0x0000000008000998       0x24 Core/Src/system_stm32f4xx.o
                0x0000000008000998                SystemInit
 .text.W25qxx_Spi
                0x00000000080009bc       0x2c Core/Src/w25q.o
                0x00000000080009bc                W25qxx_Spi
 .text.W25qxx_ReadID
                0x00000000080009e8       0x6c Core/Src/w25q.o
                0x00000000080009e8                W25qxx_ReadID
 .text.W25qxx_ReadUniqID
                0x0000000008000a54       0x6c Core/Src/w25q.o
                0x0000000008000a54                W25qxx_ReadUniqID
 .text.W25qxx_WriteEnable
                0x0000000008000ac0       0x2c Core/Src/w25q.o
                0x0000000008000ac0                W25qxx_WriteEnable
 .text.W25qxx_ReadStatusRegister
                0x0000000008000aec       0x8c Core/Src/w25q.o
                0x0000000008000aec                W25qxx_ReadStatusRegister
 .text.W25qxx_WaitForWriteEnd
                0x0000000008000b78       0x54 Core/Src/w25q.o
                0x0000000008000b78                W25qxx_WaitForWriteEnd
 .text.W25qxx_Init
                0x0000000008000bcc      0x190 Core/Src/w25q.o
                0x0000000008000bcc                W25qxx_Init
 .text.W25qxx_EraseSector
                0x0000000008000d5c       0xb8 Core/Src/w25q.o
                0x0000000008000d5c                W25qxx_EraseSector
 .text.W25qxx_EraseBlock
                0x0000000008000e14       0xbc Core/Src/w25q.o
                0x0000000008000e14                W25qxx_EraseBlock
 .text.W25qxx_WritePage
                0x0000000008000ed0      0x110 Core/Src/w25q.o
                0x0000000008000ed0                W25qxx_WritePage
 .text.W25qxx_ReadPage
                0x0000000008000fe0       0xf4 Core/Src/w25q.o
                0x0000000008000fe0                W25qxx_ReadPage
 .text.Reset_Handler
                0x00000000080010d4       0x50 Core/Startup/startup_stm32f429igtx.o
                0x00000000080010d4                Reset_Handler
 .text.Default_Handler
                0x0000000008001124        0x2 Core/Startup/startup_stm32f429igtx.o
                0x0000000008001124                RTC_Alarm_IRQHandler
                0x0000000008001124                HASH_RNG_IRQHandler
                0x0000000008001124                EXTI2_IRQHandler
                0x0000000008001124                TIM8_CC_IRQHandler
                0x0000000008001124                UART8_IRQHandler
                0x0000000008001124                SPI4_IRQHandler
                0x0000000008001124                TIM1_CC_IRQHandler
                0x0000000008001124                DMA2_Stream5_IRQHandler
                0x0000000008001124                DMA1_Stream5_IRQHandler
                0x0000000008001124                PVD_IRQHandler
                0x0000000008001124                SDIO_IRQHandler
                0x0000000008001124                TAMP_STAMP_IRQHandler
                0x0000000008001124                CAN2_RX1_IRQHandler
                0x0000000008001124                EXTI3_IRQHandler
                0x0000000008001124                TIM8_TRG_COM_TIM14_IRQHandler
                0x0000000008001124                TIM1_UP_TIM10_IRQHandler
                0x0000000008001124                TIM8_UP_TIM13_IRQHandler
                0x0000000008001124                I2C3_ER_IRQHandler
                0x0000000008001124                EXTI0_IRQHandler
                0x0000000008001124                I2C2_EV_IRQHandler
                0x0000000008001124                DMA1_Stream2_IRQHandler
                0x0000000008001124                CAN1_RX0_IRQHandler
                0x0000000008001124                FPU_IRQHandler
                0x0000000008001124                OTG_HS_WKUP_IRQHandler
                0x0000000008001124                LTDC_ER_IRQHandler
                0x0000000008001124                CAN2_SCE_IRQHandler
                0x0000000008001124                DMA2_Stream2_IRQHandler
                0x0000000008001124                SPI1_IRQHandler
                0x0000000008001124                TIM6_DAC_IRQHandler
                0x0000000008001124                TIM1_BRK_TIM9_IRQHandler
                0x0000000008001124                DCMI_IRQHandler
                0x0000000008001124                CAN2_RX0_IRQHandler
                0x0000000008001124                DMA2_Stream3_IRQHandler
                0x0000000008001124                USART6_IRQHandler
                0x0000000008001124                USART3_IRQHandler
                0x0000000008001124                CAN1_RX1_IRQHandler
                0x0000000008001124                UART5_IRQHandler
                0x0000000008001124                DMA2_Stream0_IRQHandler
                0x0000000008001124                TIM4_IRQHandler
                0x0000000008001124                I2C1_EV_IRQHandler
                0x0000000008001124                DMA1_Stream6_IRQHandler
                0x0000000008001124                DMA1_Stream1_IRQHandler
                0x0000000008001124                UART4_IRQHandler
                0x0000000008001124                TIM3_IRQHandler
                0x0000000008001124                RCC_IRQHandler
                0x0000000008001124                TIM8_BRK_TIM12_IRQHandler
                0x0000000008001124                Default_Handler
                0x0000000008001124                EXTI15_10_IRQHandler
                0x0000000008001124                ADC_IRQHandler
                0x0000000008001124                DMA1_Stream7_IRQHandler
                0x0000000008001124                SPI5_IRQHandler
                0x0000000008001124                TIM7_IRQHandler
                0x0000000008001124                CAN2_TX_IRQHandler
                0x0000000008001124                TIM5_IRQHandler
                0x0000000008001124                DMA2_Stream7_IRQHandler
                0x0000000008001124                I2C3_EV_IRQHandler
                0x0000000008001124                EXTI9_5_IRQHandler
                0x0000000008001124                RTC_WKUP_IRQHandler
                0x0000000008001124                LTDC_IRQHandler
                0x0000000008001124                ETH_WKUP_IRQHandler
                0x0000000008001124                SPI2_IRQHandler
                0x0000000008001124                OTG_HS_EP1_IN_IRQHandler
                0x0000000008001124                DMA1_Stream0_IRQHandler
                0x0000000008001124                CAN1_TX_IRQHandler
                0x0000000008001124                EXTI4_IRQHandler
                0x0000000008001124                ETH_IRQHandler
                0x0000000008001124                OTG_HS_EP1_OUT_IRQHandler
                0x0000000008001124                WWDG_IRQHandler
                0x0000000008001124                SPI6_IRQHandler
                0x0000000008001124                TIM2_IRQHandler
                0x0000000008001124                OTG_FS_WKUP_IRQHandler
                0x0000000008001124                TIM1_TRG_COM_TIM11_IRQHandler
                0x0000000008001124                OTG_HS_IRQHandler
                0x0000000008001124                DMA2D_IRQHandler
                0x0000000008001124                EXTI1_IRQHandler
                0x0000000008001124                UART7_IRQHandler
                0x0000000008001124                USART2_IRQHandler
                0x0000000008001124                I2C2_ER_IRQHandler
                0x0000000008001124                DMA2_Stream1_IRQHandler
                0x0000000008001124                CAN1_SCE_IRQHandler
                0x0000000008001124                FLASH_IRQHandler
                0x0000000008001124                DMA2_Stream4_IRQHandler
                0x0000000008001124                USART1_IRQHandler
                0x0000000008001124                OTG_FS_IRQHandler
                0x0000000008001124                SPI3_IRQHandler
                0x0000000008001124                DMA1_Stream4_IRQHandler
                0x0000000008001124                I2C1_ER_IRQHandler
                0x0000000008001124                FMC_IRQHandler
                0x0000000008001124                DMA2_Stream6_IRQHandler
                0x0000000008001124                SAI1_IRQHandler
                0x0000000008001124                DMA1_Stream3_IRQHandler
 *fill*         0x0000000008001126        0x2 
 .text.HAL_Init
                0x0000000008001128       0x44 Drivers/STM32F4xx_HAL_Driver/Src/stm32f4xx_hal.o
                0x0000000008001128                HAL_Init
 .text.HAL_InitTick
                0x000000000800116c       0x60 Drivers/STM32F4xx_HAL_Driver/Src/stm32f4xx_hal.o
                0x000000000800116c                HAL_InitTick
 .text.HAL_IncTick
                0x00000000080011cc       0x28 Drivers/STM32F4xx_HAL_Driver/Src/stm32f4xx_hal.o
                0x00000000080011cc                HAL_IncTick
 .text.HAL_GetTick
                0x00000000080011f4       0x18 Drivers/STM32F4xx_HAL_Driver/Src/stm32f4xx_hal.o
                0x00000000080011f4                HAL_GetTick
 .text.HAL_Delay
                0x000000000800120c       0x48 Drivers/STM32F4xx_HAL_Driver/Src/stm32f4xx_hal.o
                0x000000000800120c                HAL_Delay
 .text.__NVIC_SetPriorityGrouping
                0x0000000008001254       0x48 Drivers/STM32F4xx_HAL_Driver/Src/stm32f4xx_hal_cortex.o
 .text.__NVIC_GetPriorityGrouping
                0x000000000800129c       0x1c Drivers/STM32F4xx_HAL_Driver/Src/stm32f4xx_hal_cortex.o
 .text.__NVIC_SetPriority
                0x00000000080012b8       0x54 Drivers/STM32F4xx_HAL_Driver/Src/stm32f4xx_hal_cortex.o
 .text.NVIC_EncodePriority
                0x000000000800130c       0x66 Drivers/STM32F4xx_HAL_Driver/Src/stm32f4xx_hal_cortex.o
 *fill*         0x0000000008001372        0x2 
 .text.SysTick_Config
                0x0000000008001374       0x44 Drivers/STM32F4xx_HAL_Driver/Src/stm32f4xx_hal_cortex.o
 .text.HAL_NVIC_SetPriorityGrouping
                0x00000000080013b8       0x16 Drivers/STM32F4xx_HAL_Driver/Src/stm32f4xx_hal_cortex.o
                0x00000000080013b8                HAL_NVIC_SetPriorityGrouping
 .text.HAL_NVIC_SetPriority
                0x00000000080013ce       0x38 Drivers/STM32F4xx_HAL_Driver/Src/stm32f4xx_hal_cortex.o
                0x00000000080013ce                HAL_NVIC_SetPriority
 .text.HAL_SYSTICK_Config
                0x0000000008001406       0x18 Drivers/STM32F4xx_HAL_Driver/Src/stm32f4xx_hal_cortex.o
                0x0000000008001406                HAL_SYSTICK_Config
 *fill*         0x000000000800141e        0x2 
 .text.HAL_GPIO_Init
                0x0000000008001420      0x358 Drivers/STM32F4xx_HAL_Driver/Src/stm32f4xx_hal_gpio.o
                0x0000000008001420                HAL_GPIO_Init
 .text.HAL_GPIO_WritePin
                0x0000000008001778       0x32 Drivers/STM32F4xx_HAL_Driver/Src/stm32f4xx_hal_gpio.o
                0x0000000008001778                HAL_GPIO_WritePin
 *fill*         0x00000000080017aa        0x2 
 .text.HAL_PWREx_EnableOverDrive
                0x00000000080017ac       0xa0 Drivers/STM32F4xx_HAL_Driver/Src/stm32f4xx_hal_pwr_ex.o
                0x00000000080017ac                HAL_PWREx_EnableOverDrive
 .text.HAL_RCC_OscConfig
                0x000000000800184c      0x4f0 Drivers/STM32F4xx_HAL_Driver/Src/stm32f4xx_hal_rcc.o
                0x000000000800184c                HAL_RCC_OscConfig
 .text.HAL_RCC_ClockConfig
                0x0000000008001d3c      0x1cc Drivers/STM32F4xx_HAL_Driver/Src/stm32f4xx_hal_rcc.o
                0x0000000008001d3c                HAL_RCC_ClockConfig
 .text.HAL_RCC_GetSysClockFreq
                0x0000000008001f08      0x16c Drivers/STM32F4xx_HAL_Driver/Src/stm32f4xx_hal_rcc.o
                0x0000000008001f08                HAL_RCC_GetSysClockFreq
 .text.HAL_SPI_Init
                0x0000000008002074      0x112 Drivers/STM32F4xx_HAL_Driver/Src/stm32f4xx_hal_spi.o
                0x0000000008002074                HAL_SPI_Init
 .text.HAL_SPI_Transmit
                0x0000000008002186      0x278 Drivers/STM32F4xx_HAL_Driver/Src/stm32f4xx_hal_spi.o
                0x0000000008002186                HAL_SPI_Transmit
 .text.HAL_SPI_Receive
                0x00000000080023fe      0x222 Drivers/STM32F4xx_HAL_Driver/Src/stm32f4xx_hal_spi.o
                0x00000000080023fe                HAL_SPI_Receive
 .text.HAL_SPI_TransmitReceive
                0x0000000008002620      0x344 Drivers/STM32F4xx_HAL_Driver/Src/stm32f4xx_hal_spi.o
                0x0000000008002620                HAL_SPI_TransmitReceive
 .text.SPI_WaitFlagStateUntilTimeout
                0x0000000008002964      0x110 Drivers/STM32F4xx_HAL_Driver/Src/stm32f4xx_hal_spi.o
 .text.SPI_EndRxTransaction
                0x0000000008002a74       0xca Drivers/STM32F4xx_HAL_Driver/Src/stm32f4xx_hal_spi.o
 *fill*         0x0000000008002b3e        0x2 
 .text.SPI_EndRxTxTransaction
                0x0000000008002b40       0x84 Drivers/STM32F4xx_HAL_Driver/Src/stm32f4xx_hal_spi.o
 .text.__libc_init_array
                0x0000000008002bc4       0x48 c:/st/stm32cubeide_1.5.0/stm32cubeide/plugins/com.st.stm32cube.ide.mcu.externaltools.gnu-tools-for-stm32.9-2020-q2-update.win32_1.5.0.202011040924/tools/bin/../lib/gcc/arm-none-eabi/9.3.1/../../../../arm-none-eabi/lib/thumb/v7e-m+fp/hard\libc_nano.a(lib_a-init.o)
                0x0000000008002bc4                __libc_init_array
 .text.memset   0x0000000008002c0c       0x10 c:/st/stm32cubeide_1.5.0/stm32cubeide/plugins/com.st.stm32cube.ide.mcu.externaltools.gnu-tools-for-stm32.9-2020-q2-update.win32_1.5.0.202011040924/tools/bin/../lib/gcc/arm-none-eabi/9.3.1/../../../../arm-none-eabi/lib/thumb/v7e-m+fp/hard\libc_nano.a(lib_a-memset.o)
                0x0000000008002c0c                memset
 *(.glue_7)
 .glue_7        0x0000000008002c1c        0x0 linker stubs
 *(.glue_7t)
 .glue_7t       0x0000000008002c1c        0x0 linker stubs
 *(.eh_frame)
 .eh_frame      0x0000000008002c1c        0x0 c:/st/stm32cubeide_1.5.0/stm32cubeide/plugins/com.st.stm32cube.ide.mcu.externaltools.gnu-tools-for-stm32.9-2020-q2-update.win32_1.5.0.202011040924/tools/bin/../lib/gcc/arm-none-eabi/9.3.1/thumb/v7e-m+fp/hard/crtbegin.o
 *(.init)
 .init          0x0000000008002c1c        0x4 c:/st/stm32cubeide_1.5.0/stm32cubeide/plugins/com.st.stm32cube.ide.mcu.externaltools.gnu-tools-for-stm32.9-2020-q2-update.win32_1.5.0.202011040924/tools/bin/../lib/gcc/arm-none-eabi/9.3.1/thumb/v7e-m+fp/hard/crti.o
                0x0000000008002c1c                _init
 .init          0x0000000008002c20        0x8 c:/st/stm32cubeide_1.5.0/stm32cubeide/plugins/com.st.stm32cube.ide.mcu.externaltools.gnu-tools-for-stm32.9-2020-q2-update.win32_1.5.0.202011040924/tools/bin/../lib/gcc/arm-none-eabi/9.3.1/thumb/v7e-m+fp/hard/crtn.o
 *(.fini)
 .fini          0x0000000008002c28        0x4 c:/st/stm32cubeide_1.5.0/stm32cubeide/plugins/com.st.stm32cube.ide.mcu.externaltools.gnu-tools-for-stm32.9-2020-q2-update.win32_1.5.0.202011040924/tools/bin/../lib/gcc/arm-none-eabi/9.3.1/thumb/v7e-m+fp/hard/crti.o
                0x0000000008002c28                _fini
 .fini          0x0000000008002c2c        0x8 c:/st/stm32cubeide_1.5.0/stm32cubeide/plugins/com.st.stm32cube.ide.mcu.externaltools.gnu-tools-for-stm32.9-2020-q2-update.win32_1.5.0.202011040924/tools/bin/../lib/gcc/arm-none-eabi/9.3.1/thumb/v7e-m+fp/hard/crtn.o
                0x0000000008002c34                . = ALIGN (0x4)
                0x0000000008002c34                _etext = .

.vfp11_veneer   0x0000000008002c34        0x0
 .vfp11_veneer  0x0000000008002c34        0x0 linker stubs

.v4_bx          0x0000000008002c34        0x0
 .v4_bx         0x0000000008002c34        0x0 linker stubs

.iplt           0x0000000008002c34        0x0
 .iplt          0x0000000008002c34        0x0 c:/st/stm32cubeide_1.5.0/stm32cubeide/plugins/com.st.stm32cube.ide.mcu.externaltools.gnu-tools-for-stm32.9-2020-q2-update.win32_1.5.0.202011040924/tools/bin/../lib/gcc/arm-none-eabi/9.3.1/thumb/v7e-m+fp/hard/crtbegin.o

.rodata         0x0000000008002c34       0x10
                0x0000000008002c34                . = ALIGN (0x4)
 *(.rodata)
 *(.rodata*)
 .rodata.AHBPrescTable
                0x0000000008002c34       0x10 Core/Src/system_stm32f4xx.o
                0x0000000008002c34                AHBPrescTable
                0x0000000008002c44                . = ALIGN (0x4)

.ARM.extab      0x0000000008002c44        0x0
                0x0000000008002c44                . = ALIGN (0x4)
 *(.ARM.extab* .gnu.linkonce.armextab.*)
                0x0000000008002c44                . = ALIGN (0x4)

.ARM            0x0000000008002c44        0x8
                0x0000000008002c44                . = ALIGN (0x4)
                0x0000000008002c44                __exidx_start = .
 *(.ARM.exidx*)
 .ARM.exidx     0x0000000008002c44        0x8 c:/st/stm32cubeide_1.5.0/stm32cubeide/plugins/com.st.stm32cube.ide.mcu.externaltools.gnu-tools-for-stm32.9-2020-q2-update.win32_1.5.0.202011040924/tools/bin/../lib/gcc/arm-none-eabi/9.3.1/thumb/v7e-m+fp/hard\libgcc.a(_udivmoddi4.o)
                0x0000000008002c4c                __exidx_end = .
                0x0000000008002c4c                . = ALIGN (0x4)

.rel.dyn        0x0000000008002c4c        0x0
 .rel.iplt      0x0000000008002c4c        0x0 c:/st/stm32cubeide_1.5.0/stm32cubeide/plugins/com.st.stm32cube.ide.mcu.externaltools.gnu-tools-for-stm32.9-2020-q2-update.win32_1.5.0.202011040924/tools/bin/../lib/gcc/arm-none-eabi/9.3.1/thumb/v7e-m+fp/hard/crtbegin.o

.preinit_array  0x0000000008002c4c        0x0
                0x0000000008002c4c                . = ALIGN (0x4)
                0x0000000008002c4c                PROVIDE (__preinit_array_start = .)
 *(.preinit_array*)
                0x0000000008002c4c                PROVIDE (__preinit_array_end = .)
                0x0000000008002c4c                . = ALIGN (0x4)

.init_array     0x0000000008002c4c        0x4
                0x0000000008002c4c                . = ALIGN (0x4)
                0x0000000008002c4c                PROVIDE (__init_array_start = .)
 *(SORT_BY_NAME(.init_array.*))
 *(.init_array*)
 .init_array    0x0000000008002c4c        0x4 c:/st/stm32cubeide_1.5.0/stm32cubeide/plugins/com.st.stm32cube.ide.mcu.externaltools.gnu-tools-for-stm32.9-2020-q2-update.win32_1.5.0.202011040924/tools/bin/../lib/gcc/arm-none-eabi/9.3.1/thumb/v7e-m+fp/hard/crtbegin.o
                0x0000000008002c50                PROVIDE (__init_array_end = .)
                0x0000000008002c50                . = ALIGN (0x4)

.fini_array     0x0000000008002c50        0x4
                0x0000000008002c50                . = ALIGN (0x4)
                [!provide]                        PROVIDE (__fini_array_start = .)
 *(SORT_BY_NAME(.fini_array.*))
 *(.fini_array*)
 .fini_array    0x0000000008002c50        0x4 c:/st/stm32cubeide_1.5.0/stm32cubeide/plugins/com.st.stm32cube.ide.mcu.externaltools.gnu-tools-for-stm32.9-2020-q2-update.win32_1.5.0.202011040924/tools/bin/../lib/gcc/arm-none-eabi/9.3.1/thumb/v7e-m+fp/hard/crtbegin.o
                [!provide]                        PROVIDE (__fini_array_end = .)
                0x0000000008002c54                . = ALIGN (0x4)
                0x0000000008002c54                _sidata = LOADADDR (.data)

.data           0x0000000020000000        0xc load address 0x0000000008002c54
                0x0000000020000000                . = ALIGN (0x4)
                0x0000000020000000                _sdata = .
 *(.data)
 *(.data*)
 .data.SystemCoreClock
                0x0000000020000000        0x4 Core/Src/system_stm32f4xx.o
                0x0000000020000000                SystemCoreClock
 .data.uwTickPrio
                0x0000000020000004        0x4 Drivers/STM32F4xx_HAL_Driver/Src/stm32f4xx_hal.o
                0x0000000020000004                uwTickPrio
 .data.uwTickFreq
                0x0000000020000008        0x1 Drivers/STM32F4xx_HAL_Driver/Src/stm32f4xx_hal.o
                0x0000000020000008                uwTickFreq
 *(.RamFunc)
 *(.RamFunc*)
                0x000000002000000c                . = ALIGN (0x4)
 *fill*         0x0000000020000009        0x3 
                0x000000002000000c                _edata = .

.igot.plt       0x000000002000000c        0x0 load address 0x0000000008002c60
 .igot.plt      0x000000002000000c        0x0 c:/st/stm32cubeide_1.5.0/stm32cubeide/plugins/com.st.stm32cube.ide.mcu.externaltools.gnu-tools-for-stm32.9-2020-q2-update.win32_1.5.0.202011040924/tools/bin/../lib/gcc/arm-none-eabi/9.3.1/thumb/v7e-m+fp/hard/crtbegin.o
                0x000000002000000c                . = ALIGN (0x4)

.bss            0x000000002000000c      0x2ac load address 0x0000000008002c60
                0x000000002000000c                _sbss = .
                0x000000002000000c                __bss_start__ = _sbss
 *(.bss)
 .bss           0x000000002000000c       0x1c c:/st/stm32cubeide_1.5.0/stm32cubeide/plugins/com.st.stm32cube.ide.mcu.externaltools.gnu-tools-for-stm32.9-2020-q2-update.win32_1.5.0.202011040924/tools/bin/../lib/gcc/arm-none-eabi/9.3.1/thumb/v7e-m+fp/hard/crtbegin.o
 *(.bss*)
 *(COMMON)
 COMMON         0x0000000020000028      0x20c Core/Src/main.o
                0x0000000020000028                wBuffer
                0x0000000020000128                Status
                0x000000002000012c                temp
                0x0000000020000134                rBuffer
 COMMON         0x0000000020000234       0x58 Core/Src/spi.o
                0x0000000020000234                hspi5
 COMMON         0x000000002000028c       0x28 Core/Src/w25q.o
                0x000000002000028c                w25qxx
 COMMON         0x00000000200002b4        0x4 Drivers/STM32F4xx_HAL_Driver/Src/stm32f4xx_hal.o
                0x00000000200002b4                uwTick
                0x00000000200002b8                . = ALIGN (0x4)
                0x00000000200002b8                _ebss = .
                0x00000000200002b8                __bss_end__ = _ebss

._user_heap_stack
                0x00000000200002b8      0x600 load address 0x0000000008002c60
                0x00000000200002b8                . = ALIGN (0x8)
                [!provide]                        PROVIDE (end = .)
                0x00000000200002b8                PROVIDE (_end = .)
                0x00000000200004b8                . = (. + _Min_Heap_Size)
 *fill*         0x00000000200002b8      0x200 
                0x00000000200008b8                . = (. + _Min_Stack_Size)
 *fill*         0x00000000200004b8      0x400 
                0x00000000200008b8                . = ALIGN (0x8)

/DISCARD/
 libc.a(*)
 libm.a(*)
 libgcc.a(*)

.ARM.attributes
                0x0000000000000000       0x30
 *(.ARM.attributes)
 .ARM.attributes
                0x0000000000000000       0x1e c:/st/stm32cubeide_1.5.0/stm32cubeide/plugins/com.st.stm32cube.ide.mcu.externaltools.gnu-tools-for-stm32.9-2020-q2-update.win32_1.5.0.202011040924/tools/bin/../lib/gcc/arm-none-eabi/9.3.1/thumb/v7e-m+fp/hard/crti.o
 .ARM.attributes
                0x000000000000001e       0x34 c:/st/stm32cubeide_1.5.0/stm32cubeide/plugins/com.st.stm32cube.ide.mcu.externaltools.gnu-tools-for-stm32.9-2020-q2-update.win32_1.5.0.202011040924/tools/bin/../lib/gcc/arm-none-eabi/9.3.1/thumb/v7e-m+fp/hard/crtbegin.o
 .ARM.attributes
                0x0000000000000052       0x34 Core/Src/gpio.o
 .ARM.attributes
                0x0000000000000086       0x34 Core/Src/main.o
 .ARM.attributes
                0x00000000000000ba       0x34 Core/Src/spi.o
 .ARM.attributes
                0x00000000000000ee       0x34 Core/Src/stm32f4xx_hal_msp.o
 .ARM.attributes
                0x0000000000000122       0x34 Core/Src/stm32f4xx_it.o
 .ARM.attributes
                0x0000000000000156       0x34 Core/Src/system_stm32f4xx.o
 .ARM.attributes
                0x000000000000018a       0x34 Core/Src/w25q.o
 .ARM.attributes
                0x00000000000001be       0x21 Core/Startup/startup_stm32f429igtx.o
 .ARM.attributes
                0x00000000000001df       0x34 Drivers/STM32F4xx_HAL_Driver/Src/stm32f4xx_hal.o
 .ARM.attributes
                0x0000000000000213       0x34 Drivers/STM32F4xx_HAL_Driver/Src/stm32f4xx_hal_cortex.o
 .ARM.attributes
                0x0000000000000247       0x34 Drivers/STM32F4xx_HAL_Driver/Src/stm32f4xx_hal_gpio.o
 .ARM.attributes
                0x000000000000027b       0x34 Drivers/STM32F4xx_HAL_Driver/Src/stm32f4xx_hal_pwr_ex.o
 .ARM.attributes
                0x00000000000002af       0x34 Drivers/STM32F4xx_HAL_Driver/Src/stm32f4xx_hal_rcc.o
 .ARM.attributes
                0x00000000000002e3       0x34 Drivers/STM32F4xx_HAL_Driver/Src/stm32f4xx_hal_spi.o
 .ARM.attributes
                0x0000000000000317       0x34 c:/st/stm32cubeide_1.5.0/stm32cubeide/plugins/com.st.stm32cube.ide.mcu.externaltools.gnu-tools-for-stm32.9-2020-q2-update.win32_1.5.0.202011040924/tools/bin/../lib/gcc/arm-none-eabi/9.3.1/../../../../arm-none-eabi/lib/thumb/v7e-m+fp/hard\libc_nano.a(lib_a-init.o)
 .ARM.attributes
                0x000000000000034b       0x34 c:/st/stm32cubeide_1.5.0/stm32cubeide/plugins/com.st.stm32cube.ide.mcu.externaltools.gnu-tools-for-stm32.9-2020-q2-update.win32_1.5.0.202011040924/tools/bin/../lib/gcc/arm-none-eabi/9.3.1/../../../../arm-none-eabi/lib/thumb/v7e-m+fp/hard\libc_nano.a(lib_a-memset.o)
 .ARM.attributes
                0x000000000000037f       0x1e c:/st/stm32cubeide_1.5.0/stm32cubeide/plugins/com.st.stm32cube.ide.mcu.externaltools.gnu-tools-for-stm32.9-2020-q2-update.win32_1.5.0.202011040924/tools/bin/../lib/gcc/arm-none-eabi/9.3.1/thumb/v7e-m+fp/hard\libgcc.a(_aeabi_uldivmod.o)
 .ARM.attributes
                0x000000000000039d       0x34 c:/st/stm32cubeide_1.5.0/stm32cubeide/plugins/com.st.stm32cube.ide.mcu.externaltools.gnu-tools-for-stm32.9-2020-q2-update.win32_1.5.0.202011040924/tools/bin/../lib/gcc/arm-none-eabi/9.3.1/thumb/v7e-m+fp/hard\libgcc.a(_udivmoddi4.o)
 .ARM.attributes
                0x00000000000003d1       0x1e c:/st/stm32cubeide_1.5.0/stm32cubeide/plugins/com.st.stm32cube.ide.mcu.externaltools.gnu-tools-for-stm32.9-2020-q2-update.win32_1.5.0.202011040924/tools/bin/../lib/gcc/arm-none-eabi/9.3.1/thumb/v7e-m+fp/hard\libgcc.a(_dvmd_tls.o)
 .ARM.attributes
                0x00000000000003ef       0x1e c:/st/stm32cubeide_1.5.0/stm32cubeide/plugins/com.st.stm32cube.ide.mcu.externaltools.gnu-tools-for-stm32.9-2020-q2-update.win32_1.5.0.202011040924/tools/bin/../lib/gcc/arm-none-eabi/9.3.1/thumb/v7e-m+fp/hard/crtn.o
OUTPUT(SPI_Flash.elf elf32-littlearm)
LOAD linker stubs
LOAD c:/st/stm32cubeide_1.5.0/stm32cubeide/plugins/com.st.stm32cube.ide.mcu.externaltools.gnu-tools-for-stm32.9-2020-q2-update.win32_1.5.0.202011040924/tools/bin/../lib/gcc/arm-none-eabi/9.3.1/../../../../arm-none-eabi/lib/thumb/v7e-m+fp/hard\libc.a
LOAD c:/st/stm32cubeide_1.5.0/stm32cubeide/plugins/com.st.stm32cube.ide.mcu.externaltools.gnu-tools-for-stm32.9-2020-q2-update.win32_1.5.0.202011040924/tools/bin/../lib/gcc/arm-none-eabi/9.3.1/../../../../arm-none-eabi/lib/thumb/v7e-m+fp/hard\libm.a
LOAD c:/st/stm32cubeide_1.5.0/stm32cubeide/plugins/com.st.stm32cube.ide.mcu.externaltools.gnu-tools-for-stm32.9-2020-q2-update.win32_1.5.0.202011040924/tools/bin/../lib/gcc/arm-none-eabi/9.3.1/thumb/v7e-m+fp/hard\libgcc.a

.debug_info     0x0000000000000000     0x81ab
 .debug_info    0x0000000000000000      0x52e Core/Src/gpio.o
 .debug_info    0x000000000000052e      0xc86 Core/Src/main.o
 .debug_info    0x00000000000011b4      0xa76 Core/Src/spi.o
 .debug_info    0x0000000000001c2a      0x3b0 Core/Src/stm32f4xx_hal_msp.o
 .debug_info    0x0000000000001fda      0x222 Core/Src/stm32f4xx_it.o
 .debug_info    0x00000000000021fc      0x5c0 Core/Src/system_stm32f4xx.o
 .debug_info    0x00000000000027bc      0xf1c Core/Src/w25q.o
 .debug_info    0x00000000000036d8       0x22 Core/Startup/startup_stm32f429igtx.o
 .debug_info    0x00000000000036fa      0xa2a Drivers/STM32F4xx_HAL_Driver/Src/stm32f4xx_hal.o
 .debug_info    0x0000000000004124      0xf0d Drivers/STM32F4xx_HAL_Driver/Src/stm32f4xx_hal_cortex.o
 .debug_info    0x0000000000005031      0x85a Drivers/STM32F4xx_HAL_Driver/Src/stm32f4xx_hal_gpio.o
 .debug_info    0x000000000000588b      0x7ae Drivers/STM32F4xx_HAL_Driver/Src/stm32f4xx_hal_pwr_ex.o
 .debug_info    0x0000000000006039      0x9b2 Drivers/STM32F4xx_HAL_Driver/Src/stm32f4xx_hal_rcc.o
 .debug_info    0x00000000000069eb     0x17c0 Drivers/STM32F4xx_HAL_Driver/Src/stm32f4xx_hal_spi.o

.debug_abbrev   0x0000000000000000     0x1889
 .debug_abbrev  0x0000000000000000      0x14e Core/Src/gpio.o
 .debug_abbrev  0x000000000000014e      0x201 Core/Src/main.o
 .debug_abbrev  0x000000000000034f      0x1bb Core/Src/spi.o
 .debug_abbrev  0x000000000000050a      0x11d Core/Src/stm32f4xx_hal_msp.o
 .debug_abbrev  0x0000000000000627       0xd2 Core/Src/stm32f4xx_it.o
 .debug_abbrev  0x00000000000006f9      0x145 Core/Src/system_stm32f4xx.o
 .debug_abbrev  0x000000000000083e      0x262 Core/Src/w25q.o
 .debug_abbrev  0x0000000000000aa0       0x12 Core/Startup/startup_stm32f429igtx.o
 .debug_abbrev  0x0000000000000ab2      0x1ed Drivers/STM32F4xx_HAL_Driver/Src/stm32f4xx_hal.o
 .debug_abbrev  0x0000000000000c9f      0x33c Drivers/STM32F4xx_HAL_Driver/Src/stm32f4xx_hal_cortex.o
 .debug_abbrev  0x0000000000000fdb      0x1f1 Drivers/STM32F4xx_HAL_Driver/Src/stm32f4xx_hal_gpio.o
 .debug_abbrev  0x00000000000011cc      0x1da Drivers/STM32F4xx_HAL_Driver/Src/stm32f4xx_hal_pwr_ex.o
 .debug_abbrev  0x00000000000013a6      0x275 Drivers/STM32F4xx_HAL_Driver/Src/stm32f4xx_hal_rcc.o
 .debug_abbrev  0x000000000000161b      0x26e Drivers/STM32F4xx_HAL_Driver/Src/stm32f4xx_hal_spi.o

.debug_aranges  0x0000000000000000      0x760
 .debug_aranges
                0x0000000000000000       0x20 Core/Src/gpio.o
 .debug_aranges
                0x0000000000000020       0x30 Core/Src/main.o
 .debug_aranges
                0x0000000000000050       0x30 Core/Src/spi.o
 .debug_aranges
                0x0000000000000080       0x20 Core/Src/stm32f4xx_hal_msp.o
 .debug_aranges
                0x00000000000000a0       0x60 Core/Src/stm32f4xx_it.o
 .debug_aranges
                0x0000000000000100       0x28 Core/Src/system_stm32f4xx.o
 .debug_aranges
                0x0000000000000128       0xe8 Core/Src/w25q.o
 .debug_aranges
                0x0000000000000210       0x28 Core/Startup/startup_stm32f429igtx.o
 .debug_aranges
                0x0000000000000238      0x100 Drivers/STM32F4xx_HAL_Driver/Src/stm32f4xx_hal.o
 .debug_aranges
                0x0000000000000338      0x118 Drivers/STM32F4xx_HAL_Driver/Src/stm32f4xx_hal_cortex.o
 .debug_aranges
                0x0000000000000450       0x58 Drivers/STM32F4xx_HAL_Driver/Src/stm32f4xx_hal_gpio.o
 .debug_aranges
                0x00000000000004a8       0x60 Drivers/STM32F4xx_HAL_Driver/Src/stm32f4xx_hal_pwr_ex.o
 .debug_aranges
                0x0000000000000508       0x88 Drivers/STM32F4xx_HAL_Driver/Src/stm32f4xx_hal_rcc.o
 .debug_aranges
                0x0000000000000590      0x1d0 Drivers/STM32F4xx_HAL_Driver/Src/stm32f4xx_hal_spi.o

.debug_ranges   0x0000000000000000      0x688
 .debug_ranges  0x0000000000000000       0x10 Core/Src/gpio.o
 .debug_ranges  0x0000000000000010       0x20 Core/Src/main.o
 .debug_ranges  0x0000000000000030       0x20 Core/Src/spi.o
 .debug_ranges  0x0000000000000050       0x10 Core/Src/stm32f4xx_hal_msp.o
 .debug_ranges  0x0000000000000060       0x50 Core/Src/stm32f4xx_it.o
 .debug_ranges  0x00000000000000b0       0x18 Core/Src/system_stm32f4xx.o
 .debug_ranges  0x00000000000000c8       0xd8 Core/Src/w25q.o
 .debug_ranges  0x00000000000001a0       0x20 Core/Startup/startup_stm32f429igtx.o
 .debug_ranges  0x00000000000001c0       0xf0 Drivers/STM32F4xx_HAL_Driver/Src/stm32f4xx_hal.o
 .debug_ranges  0x00000000000002b0      0x108 Drivers/STM32F4xx_HAL_Driver/Src/stm32f4xx_hal_cortex.o
 .debug_ranges  0x00000000000003b8       0x48 Drivers/STM32F4xx_HAL_Driver/Src/stm32f4xx_hal_gpio.o
 .debug_ranges  0x0000000000000400       0x50 Drivers/STM32F4xx_HAL_Driver/Src/stm32f4xx_hal_pwr_ex.o
 .debug_ranges  0x0000000000000450       0x78 Drivers/STM32F4xx_HAL_Driver/Src/stm32f4xx_hal_rcc.o
 .debug_ranges  0x00000000000004c8      0x1c0 Drivers/STM32F4xx_HAL_Driver/Src/stm32f4xx_hal_spi.o

.debug_macro    0x0000000000000000    0x22056
 .debug_macro   0x0000000000000000      0x1d3 Core/Src/gpio.o
 .debug_macro   0x00000000000001d3      0xaa8 Core/Src/gpio.o
 .debug_macro   0x0000000000000c7b      0x295 Core/Src/gpio.o
 .debug_macro   0x0000000000000f10       0x2e Core/Src/gpio.o
 .debug_macro   0x0000000000000f3e       0x28 Core/Src/gpio.o
 .debug_macro   0x0000000000000f66       0x22 Core/Src/gpio.o
 .debug_macro   0x0000000000000f88       0x8e Core/Src/gpio.o
 .debug_macro   0x0000000000001016       0x51 Core/Src/gpio.o
 .debug_macro   0x0000000000001067      0x103 Core/Src/gpio.o
 .debug_macro   0x000000000000116a       0x6a Core/Src/gpio.o
 .debug_macro   0x00000000000011d4      0x1df Core/Src/gpio.o
 .debug_macro   0x00000000000013b3       0x1c Core/Src/gpio.o
 .debug_macro   0x00000000000013cf       0x22 Core/Src/gpio.o
 .debug_macro   0x00000000000013f1       0xdf Core/Src/gpio.o
 .debug_macro   0x00000000000014d0     0x102d Core/Src/gpio.o
 .debug_macro   0x00000000000024fd      0x11f Core/Src/gpio.o
 .debug_macro   0x000000000000261c    0x17f6a Core/Src/gpio.o
 .debug_macro   0x000000000001a586       0x43 Core/Src/gpio.o
 .debug_macro   0x000000000001a5c9     0x36c9 Core/Src/gpio.o
 .debug_macro   0x000000000001dc92      0x174 Core/Src/gpio.o
 .debug_macro   0x000000000001de06       0x5c Core/Src/gpio.o
 .debug_macro   0x000000000001de62      0xca5 Core/Src/gpio.o
 .debug_macro   0x000000000001eb07      0x9fe Core/Src/gpio.o
 .debug_macro   0x000000000001f505      0x117 Core/Src/gpio.o
 .debug_macro   0x000000000001f61c      0x157 Core/Src/gpio.o
 .debug_macro   0x000000000001f773       0x82 Core/Src/gpio.o
 .debug_macro   0x000000000001f7f5      0x182 Core/Src/gpio.o
 .debug_macro   0x000000000001f977      0x287 Core/Src/gpio.o
 .debug_macro   0x000000000001fbfe       0x5f Core/Src/gpio.o
 .debug_macro   0x000000000001fc5d      0x236 Core/Src/gpio.o
 .debug_macro   0x000000000001fe93      0x132 Core/Src/gpio.o
 .debug_macro   0x000000000001ffc5      0x41d Core/Src/gpio.o
 .debug_macro   0x00000000000203e2       0x2e Core/Src/gpio.o
 .debug_macro   0x0000000000020410      0x11a Core/Src/gpio.o
 .debug_macro   0x000000000002052a       0xe2 Core/Src/gpio.o
 .debug_macro   0x000000000002060c       0x89 Core/Src/gpio.o
 .debug_macro   0x0000000000020695      0x225 Core/Src/gpio.o
 .debug_macro   0x00000000000208ba      0x134 Core/Src/gpio.o
 .debug_macro   0x00000000000209ee       0x34 Core/Src/gpio.o
 .debug_macro   0x0000000000020a22      0x1f4 Core/Src/main.o
 .debug_macro   0x0000000000020c16       0x22 Core/Src/main.o
 .debug_macro   0x0000000000020c38      0x1d3 Core/Src/spi.o
 .debug_macro   0x0000000000020e0b      0x1c9 Core/Src/stm32f4xx_hal_msp.o
 .debug_macro   0x0000000000020fd4      0x1d3 Core/Src/stm32f4xx_it.o
 .debug_macro   0x00000000000211a7      0x1ba Core/Src/system_stm32f4xx.o
 .debug_macro   0x0000000000021361      0x1e8 Core/Src/w25q.o
 .debug_macro   0x0000000000021549      0x21a Drivers/STM32F4xx_HAL_Driver/Src/stm32f4xx_hal.o
 .debug_macro   0x0000000000021763      0x1ba Drivers/STM32F4xx_HAL_Driver/Src/stm32f4xx_hal_cortex.o
 .debug_macro   0x000000000002191d      0x1c0 Drivers/STM32F4xx_HAL_Driver/Src/stm32f4xx_hal_gpio.o
 .debug_macro   0x0000000000021add      0x1d2 Drivers/STM32F4xx_HAL_Driver/Src/stm32f4xx_hal_pwr_ex.o
 .debug_macro   0x0000000000021caf      0x1de Drivers/STM32F4xx_HAL_Driver/Src/stm32f4xx_hal_rcc.o
 .debug_macro   0x0000000000021e8d      0x1c9 Drivers/STM32F4xx_HAL_Driver/Src/stm32f4xx_hal_spi.o

.debug_line     0x0000000000000000     0x8c3f
 .debug_line    0x0000000000000000      0x6b2 Core/Src/gpio.o
 .debug_line    0x00000000000006b2      0x761 Core/Src/main.o
 .debug_line    0x0000000000000e13      0x716 Core/Src/spi.o
 .debug_line    0x0000000000001529      0x695 Core/Src/stm32f4xx_hal_msp.o
 .debug_line    0x0000000000001bbe      0x757 Core/Src/stm32f4xx_it.o
 .debug_line    0x0000000000002315      0x716 Core/Src/system_stm32f4xx.o
 .debug_line    0x0000000000002a2b      0xeee Core/Src/w25q.o
 .debug_line    0x0000000000003919       0x88 Core/Startup/startup_stm32f429igtx.o
 .debug_line    0x00000000000039a1      0x9b2 Drivers/STM32F4xx_HAL_Driver/Src/stm32f4xx_hal.o
 .debug_line    0x0000000000004353      0xc2b Drivers/STM32F4xx_HAL_Driver/Src/stm32f4xx_hal_cortex.o
 .debug_line    0x0000000000004f7e      0xb1c Drivers/STM32F4xx_HAL_Driver/Src/stm32f4xx_hal_gpio.o
 .debug_line    0x0000000000005a9a      0x8ab Drivers/STM32F4xx_HAL_Driver/Src/stm32f4xx_hal_pwr_ex.o
 .debug_line    0x0000000000006345      0xcf6 Drivers/STM32F4xx_HAL_Driver/Src/stm32f4xx_hal_rcc.o
 .debug_line    0x000000000000703b     0x1c04 Drivers/STM32F4xx_HAL_Driver/Src/stm32f4xx_hal_spi.o

.debug_str      0x0000000000000000    0xcccc9
 .debug_str     0x0000000000000000    0xca71c Core/Src/gpio.o
                                      0xca99f (size before relaxing)
 .debug_str     0x00000000000ca71c      0x6c0 Core/Src/main.o
                                      0xcb043 (size before relaxing)
 .debug_str     0x00000000000caddc       0x4b Core/Src/spi.o
                                      0xcadfc (size before relaxing)
 .debug_str     0x00000000000cae27       0x2c Core/Src/stm32f4xx_hal_msp.o
                                      0xca902 (size before relaxing)
 .debug_str     0x00000000000cae53       0xbd Core/Src/stm32f4xx_it.o
                                      0xca87d (size before relaxing)
 .debug_str     0x00000000000caf10       0xaf Core/Src/system_stm32f4xx.o
                                      0xca8c1 (size before relaxing)
 .debug_str     0x00000000000cafbf      0x3d2 Core/Src/w25q.o
                                      0xcb1aa (size before relaxing)
 .debug_str     0x00000000000cb391       0x36 Core/Startup/startup_stm32f429igtx.o
                                         0x74 (size before relaxing)
 .debug_str     0x00000000000cb3c7      0xafd Drivers/STM32F4xx_HAL_Driver/Src/stm32f4xx_hal.o
                                      0xcb442 (size before relaxing)
 .debug_str     0x00000000000cbec4      0x399 Drivers/STM32F4xx_HAL_Driver/Src/stm32f4xx_hal_cortex.o
                                      0xcb1e3 (size before relaxing)
 .debug_str     0x00000000000cc25d      0x15a Drivers/STM32F4xx_HAL_Driver/Src/stm32f4xx_hal_gpio.o
                                      0xcaa68 (size before relaxing)
 .debug_str     0x00000000000cc3b7      0x135 Drivers/STM32F4xx_HAL_Driver/Src/stm32f4xx_hal_pwr_ex.o
                                      0xcaab9 (size before relaxing)
 .debug_str     0x00000000000cc4ec      0x259 Drivers/STM32F4xx_HAL_Driver/Src/stm32f4xx_hal_rcc.o
                                      0xcacc3 (size before relaxing)
 .debug_str     0x00000000000cc745      0x584 Drivers/STM32F4xx_HAL_Driver/Src/stm32f4xx_hal_spi.o
                                      0xcb152 (size before relaxing)

.comment        0x0000000000000000       0x53
 .comment       0x0000000000000000       0x53 Core/Src/gpio.o
                                         0x54 (size before relaxing)
 .comment       0x0000000000000053       0x54 Core/Src/main.o
 .comment       0x0000000000000053       0x54 Core/Src/spi.o
 .comment       0x0000000000000053       0x54 Core/Src/stm32f4xx_hal_msp.o
 .comment       0x0000000000000053       0x54 Core/Src/stm32f4xx_it.o
 .comment       0x0000000000000053       0x54 Core/Src/system_stm32f4xx.o
 .comment       0x0000000000000053       0x54 Core/Src/w25q.o
 .comment       0x0000000000000053       0x54 Drivers/STM32F4xx_HAL_Driver/Src/stm32f4xx_hal.o
 .comment       0x0000000000000053       0x54 Drivers/STM32F4xx_HAL_Driver/Src/stm32f4xx_hal_cortex.o
 .comment       0x0000000000000053       0x54 Drivers/STM32F4xx_HAL_Driver/Src/stm32f4xx_hal_gpio.o
 .comment       0x0000000000000053       0x54 Drivers/STM32F4xx_HAL_Driver/Src/stm32f4xx_hal_pwr_ex.o
 .comment       0x0000000000000053       0x54 Drivers/STM32F4xx_HAL_Driver/Src/stm32f4xx_hal_rcc.o
 .comment       0x0000000000000053       0x54 Drivers/STM32F4xx_HAL_Driver/Src/stm32f4xx_hal_spi.o

.debug_frame    0x0000000000000000     0x1bf8
 .debug_frame   0x0000000000000000       0x34 Core/Src/gpio.o
 .debug_frame   0x0000000000000034       0x6c Core/Src/main.o
 .debug_frame   0x00000000000000a0       0x74 Core/Src/spi.o
 .debug_frame   0x0000000000000114       0x38 Core/Src/stm32f4xx_hal_msp.o
 .debug_frame   0x000000000000014c      0x104 Core/Src/stm32f4xx_it.o
 .debug_frame   0x0000000000000250       0x58 Core/Src/system_stm32f4xx.o
 .debug_frame   0x00000000000002a8      0x3b0 Core/Src/w25q.o
 .debug_frame   0x0000000000000658      0x3b4 Drivers/STM32F4xx_HAL_Driver/Src/stm32f4xx_hal.o
 .debug_frame   0x0000000000000a0c      0x498 Drivers/STM32F4xx_HAL_Driver/Src/stm32f4xx_hal_cortex.o
 .debug_frame   0x0000000000000ea4      0x14c Drivers/STM32F4xx_HAL_Driver/Src/stm32f4xx_hal_gpio.o
 .debug_frame   0x0000000000000ff0      0x14c Drivers/STM32F4xx_HAL_Driver/Src/stm32f4xx_hal_pwr_ex.o
 .debug_frame   0x000000000000113c      0x1ec Drivers/STM32F4xx_HAL_Driver/Src/stm32f4xx_hal_rcc.o
 .debug_frame   0x0000000000001328      0x824 Drivers/STM32F4xx_HAL_Driver/Src/stm32f4xx_hal_spi.o
 .debug_frame   0x0000000000001b4c       0x2c c:/st/stm32cubeide_1.5.0/stm32cubeide/plugins/com.st.stm32cube.ide.mcu.externaltools.gnu-tools-for-stm32.9-2020-q2-update.win32_1.5.0.202011040924/tools/bin/../lib/gcc/arm-none-eabi/9.3.1/../../../../arm-none-eabi/lib/thumb/v7e-m+fp/hard\libc_nano.a(lib_a-init.o)
 .debug_frame   0x0000000000001b78       0x20 c:/st/stm32cubeide_1.5.0/stm32cubeide/plugins/com.st.stm32cube.ide.mcu.externaltools.gnu-tools-for-stm32.9-2020-q2-update.win32_1.5.0.202011040924/tools/bin/../lib/gcc/arm-none-eabi/9.3.1/../../../../arm-none-eabi/lib/thumb/v7e-m+fp/hard\libc_nano.a(lib_a-memset.o)
 .debug_frame   0x0000000000001b98       0x2c c:/st/stm32cubeide_1.5.0/stm32cubeide/plugins/com.st.stm32cube.ide.mcu.externaltools.gnu-tools-for-stm32.9-2020-q2-update.win32_1.5.0.202011040924/tools/bin/../lib/gcc/arm-none-eabi/9.3.1/thumb/v7e-m+fp/hard\libgcc.a(_aeabi_uldivmod.o)
 .debug_frame   0x0000000000001bc4       0x34 c:/st/stm32cubeide_1.5.0/stm32cubeide/plugins/com.st.stm32cube.ide.mcu.externaltools.gnu-tools-for-stm32.9-2020-q2-update.win32_1.5.0.202011040924/tools/bin/../lib/gcc/arm-none-eabi/9.3.1/thumb/v7e-m+fp/hard\libgcc.a(_udivmoddi4.o)
