w25q.c:13:9:W25qxx_Spi	32	static
w25q.c:20:10:W25qxx_ReadID	24	static
w25q.c:33:6:W25qxx_ReadUniqID	24	static
w25q.c:44:6:W25qxx_WriteEnable	8	static
w25q.c:52:6:W25qxx_WriteDisable	8	static
w25q.c:60:9:W25qxx_ReadStatusRegister	24	static
w25q.c:86:6:W25qxx_WriteStatusRegister	16	static
w25q.c:110:6:W25qxx_WaitForWriteEnd	8	static
w25q.c:124:9:W25qxx_Init	16	static
w25q.c:244:6:W25qxx_EraseChip	8	static
w25q.c:265:6:W25qxx_EraseSector	16	static
w25q.c:293:6:W25qxx_EraseBlock	16	static
w25q.c:323:10:W25qxx_PageToSector	16	static
w25q.c:328:10:W25qxx_PageToBlock	16	static
w25q.c:333:10:W25qxx_SectorToBlock	16	static
w25q.c:338:10:W25qxx_SectorToPage	16	static
w25q.c:343:10:W25qxx_BlockToPage	16	static
w25q.c:348:6:W25qxx_WriteByte	16	static
w25q.c:375:7:W25qxx_WritePage	24	static
w25q.c:421:7:W25qxx_WriteSector	40	static
w25q.c:460:7:W25qxx_WriteBlock	40	static
w25q.c:499:7:W25qxx_ReadByte	16	static
w25q.c:524:6:W25qxx_ReadBytes	24	static
w25q.c:562:7:W25qxx_ReadPage	24	static
w25q.c:606:7:W25qxx_ReadSector	40	static
w25q.c:645:7:W25qxx_ReadBlock	40	static
