w25q.c:13:9:W25qxx_Spi	32	static
w25q.c:20:10:W25qxx_ReadID	24	static
w25q.c:33:6:W25qxx_ReadUniqID	24	static
w25q.c:44:6:W25qxx_WriteEnable	8	static
w25q.c:52:6:W25qxx_WriteDisable	8	static
w25q.c:60:9:W25qxx_ReadStatusRegister	24	static
w25q.c:86:6:W25qxx_WriteStatusRegister	16	static
w25q.c:110:6:W25qxx_WaitForWriteEnd	8	static
w25q.c:124:9:W25qxx_Init	16	static
w25q.c:244:6:W25qxx_EraseChip	8	static
w25q.c:265:6:W25qxx_EraseSector	16	static
w25q.c:296:6:W25qxx_EraseBlock	16	static
w25q.c:329:10:W25qxx_PageToSector	16	static
w25q.c:334:10:W25qxx_PageToBlock	16	static
w25q.c:339:10:W25qxx_SectorToBlock	16	static
w25q.c:344:10:W25qxx_SectorToPage	16	static
w25q.c:349:10:W25qxx_BlockToPage	16	static
w25q.c:354:6:W25qxx_WriteByte	16	static
w25q.c:384:7:W25qxx_WritePage	24	static
w25q.c:433:7:W25qxx_WriteSector	40	static
w25q.c:472:7:W25qxx_WriteBlock	40	static
w25q.c:511:7:W25qxx_ReadByte	16	static
w25q.c:536:6:W25qxx_ReadBytes	24	static
w25q.c:574:7:W25qxx_ReadPage	24	static
w25q.c:618:7:W25qxx_ReadSector	40	static
w25q.c:657:7:W25qxx_ReadBlock	40	static
